Traceback (most recent call last):
  File "C:\Users\Gene\AppData\Roaming\Python\Python311\site-packages\sqlalchemy\engine\base.py", line 1967, in _exec_single_context
    self.dialect.do_execute(
  File "C:\Users\Gene\AppData\Roaming\Python\Python311\site-packages\sqlalchemy\engine\default.py", line 952, in do_execute
    cursor.execute(statement, parameters)
psycopg2.errors.UndefinedColumn: column "clinic_id" of relation "orders" does not exist
LINE 1: ...total_amount, fulfillment_method, payment_method, clinic_id,...
                                                             ^


The above exception was the direct cause of the following exception:

Traceback (most recent call last):
  File "C:\Apache24\htdocs\HIVET - CRM\backend\check_error.py", line 7, in <module>
    db.commit()
  File "C:\Users\Gene\AppData\Roaming\Python\Python311\site-packages\sqlalchemy\orm\session.py", line 2030, in commit
    trans.commit(_to_root=True)
  File "<string>", line 2, in commit
  File "C:\Users\Gene\AppData\Roaming\Python\Python311\site-packages\sqlalchemy\orm\state_changes.py", line 137, in _go
    ret_value = fn(self, *arg, **kw)
                ^^^^^^^^^^^^^^^^^^^^
  File "C:\Users\Gene\AppData\Roaming\Python\Python311\site-packages\sqlalchemy\orm\session.py", line 1311, in commit
    self._prepare_impl()
  File "<string>", line 2, in _prepare_impl
  File "C:\Users\Gene\AppData\Roaming\Python\Python311\site-packages\sqlalchemy\orm\state_changes.py", line 137, in _go
    ret_value = fn(self, *arg, **kw)
                ^^^^^^^^^^^^^^^^^^^^
  File "C:\Users\Gene\AppData\Roaming\Python\Python311\site-packages\sqlalchemy\orm\session.py", line 1286, in _prepare_impl
    self.session.flush()
  File "C:\Users\Gene\AppData\Roaming\Python\Python311\site-packages\sqlalchemy\orm\session.py", line 4331, in flush
    self._flush(objects)
  File "C:\Users\Gene\AppData\Roaming\Python\Python311\site-packages\sqlalchemy\orm\session.py", line 4466, in _flush
    with util.safe_reraise():
  File "C:\Users\Gene\AppData\Roaming\Python\Python311\site-packages\sqlalchemy\util\langhelpers.py", line 224, in __exit__
    raise exc_value.with_traceback(exc_tb)
  File "C:\Users\Gene\AppData\Roaming\Python\Python311\site-packages\sqlalchemy\orm\session.py", line 4427, in _flush
    flush_context.execute()
  File "C:\Users\Gene\AppData\Roaming\Python\Python311\site-packages\sqlalchemy\orm\unitofwork.py", line 466, in execute
    rec.execute(self)
  File "C:\Users\Gene\AppData\Roaming\Python\Python311\site-packages\sqlalchemy\orm\unitofwork.py", line 642, in execute
    util.preloaded.orm_persistence.save_obj(
  File "C:\Users\Gene\AppData\Roaming\Python\Python311\site-packages\sqlalchemy\orm\persistence.py", line 93, in save_obj
    _emit_insert_statements(
  File "C:\Users\Gene\AppData\Roaming\Python\Python311\site-packages\sqlalchemy\orm\persistence.py", line 1233, in _emit_insert_statements
    result = connection.execute(
             ^^^^^^^^^^^^^^^^^^^
  File "C:\Users\Gene\AppData\Roaming\Python\Python311\site-packages\sqlalchemy\engine\base.py", line 1419, in execute
    return meth(
           ^^^^^
  File "C:\Users\Gene\AppData\Roaming\Python\Python311\site-packages\sqlalchemy\sql\elements.py", line 527, in _execute_on_connection
    return connection._execute_clauseelement(
           ^^^^^^^^^^^^^^^^^^^^^^^^^^^^^^^^^^
  File "C:\Users\Gene\AppData\Roaming\Python\Python311\site-packages\sqlalchemy\engine\base.py", line 1641, in _execute_clauseelement
    ret = self._execute_context(
          ^^^^^^^^^^^^^^^^^^^^^^
  File "C:\Users\Gene\AppData\Roaming\Python\Python311\site-packages\sqlalchemy\engine\base.py", line 1846, in _execute_context
    return self._exec_single_context(
           ^^^^^^^^^^^^^^^^^^^^^^^^^^
  File "C:\Users\Gene\AppData\Roaming\Python\Python311\site-packages\sqlalchemy\engine\base.py", line 1986, in _exec_single_context
    self._handle_dbapi_exception(
  File "C:\Users\Gene\AppData\Roaming\Python\Python311\site-packages\sqlalchemy\engine\base.py", line 2363, in _handle_dbapi_exception
    raise sqlalchemy_exception.with_traceback(exc_info[2]) from e
  File "C:\Users\Gene\AppData\Roaming\Python\Python311\site-packages\sqlalchemy\engine\base.py", line 1967, in _exec_single_context
    self.dialect.do_execute(
  File "C:\Users\Gene\AppData\Roaming\Python\Python311\site-packages\sqlalchemy\engine\default.py", line 952, in do_execute
    cursor.execute(statement, parameters)
sqlalchemy.exc.ProgrammingError: (psycopg2.errors.UndefinedColumn) column "clinic_id" of relation "orders" does not exist
LINE 1: ...total_amount, fulfillment_method, payment_method, clinic_id,...
                                                             ^

[SQL: INSERT INTO orders (customer_id, status, total_amount, fulfillment_method, payment_method, clinic_id, branch_id, delivery_address, contact_name, contact_phone, cancellation_reason, created_at) VALUES (%(customer_id)s, %(status)s, %(total_amount)s, %(fulfillment_method)s, %(payment_method)s, %(clinic_id)s, %(branch_id)s, %(delivery_address)s, %(contact_name)s, %(contact_phone)s, %(cancellation_reason)s, %(created_at)s) RETURNING orders.id]
[parameters: {'customer_id': 1, 'status': 'Pending', 'total_amount': 150, 'fulfillment_method': 'pickup', 'payment_method': 'cash', 'clinic_id': 1, 'branch_id': 1, 'delivery_address': 'Test', 'contact_name': 'Test', 'contact_phone': '123', 'cancellation_reason': None, 'created_at': datetime.datetime(2026, 3, 14, 1, 20, 30, 962345)}]
(Background on this error at: https://sqlalche.me/e/20/f405)
